2026-06-19T16:29:21.783439730 [anonymous-instance:main] Running Firecracker v1.13.1
2026-06-19T16:29:21.795222441 [anonymous-instance:main] Artificially kick devices
2026-06-19T16:29:21.795344311 [anonymous-instance:fc_vcpu 0] Received a VcpuEvent::Resume message with immediate_exit enabled. immediate_exit was disabled before proceeding
2026-06-19T16:29:21.795384603 [anonymous-instance:main] Successfully started microvm that was configured from one single json
[    0.000000] Linux version 4.14.174 (@57edebb99db7) (gcc version 7.5.0 (Ubuntu 7.5.0-3ubuntu1~18.04)) #2 SMP Wed Jul 14 11:47:24 UTC 2021
[    0.000000] Command line: console=ttyS0 reboot=k panic=1 pci=off pci=off root=/dev/vda rw virtio_mmio.device=4K@0xc0001000:5
[    0.000000] x86/fpu: Supporting XSAVE feature 0x001: 'x87 floating point registers'
[    0.000000] x86/fpu: Supporting XSAVE feature 0x002: 'SSE registers'
[    0.000000] x86/fpu: Supporting XSAVE feature 0x004: 'AVX registers'
[    0.000000] x86/fpu: xstate_offset[2]:  576, xstate_sizes[2]:  256
[    0.000000] x86/fpu: Enabled xstate features 0x7, context size is 832 bytes, using 'standard' format.
[    0.000000] e820: BIOS-provided physical RAM map:
[    0.000000] BIOS-e820: [mem 0x0000000000000000-0x000000000009fbff] usable
[    0.000000] BIOS-e820: [mem 0x000000000009fc00-0x00000000000dffff] reserved
[    0.000000] BIOS-e820: [mem 0x0000000000100000-0x0000000007ffffff] usable
[    0.000000] BIOS-e820: [mem 0x00000000eec00000-0x00000000febfffff] reserved
[    0.000000] NX (Execute Disable) protection: active
[    0.000000] DMI not present or invalid.
[    0.000000] Hypervisor detected: KVM
[    0.000000] tsc: Fast TSC calibration using PIT
[    0.000000] e820: last_pfn = 0x8000 max_arch_pfn = 0x400000000
[    0.000000] MTRR: Disabled
[    0.000000] x86/PAT: MTRRs disabled, skipping PAT initialization too.
[    0.000000] CPU MTRRs all blank - virtualized system.
[    0.000000] x86/PAT: Configuration [0-7]: WB  WT  UC- UC  WB  WT  UC- UC  
[    0.000000] found SMP MP-table at [mem 0x0009fc00-0x0009fc0f]
[    0.000000] Scanning 1 areas for low memory corruption
[    0.000000] Using GB pages for direct mapping
[    0.000000] No NUMA configuration found
[    0.000000] Faking a node at [mem 0x0000000000000000-0x0000000007ffffff]
[    0.000000] NODE_DATA(0) allocated [mem 0x07fde000-0x07ffffff]
[    0.000000] kvm-clock: Using msrs 4b564d01 and 4b564d00
[    0.000000] kvm-clock: cpu 0, msr 0:7fdc001, primary cpu clock
[    0.000000] kvm-clock: using sched offset of 27780142 cycles
[    0.000000] clocksource: kvm-clock: mask: 0xffffffffffffffff max_cycles: 0x1cd42e4dffb, max_idle_ns: 881590591483 ns
[    0.000000] Zone ranges:
[    0.000000]   DMA      [mem 0x0000000000001000-0x0000000000ffffff]
[    0.000000]   DMA32    [mem 0x0000000001000000-0x0000000007ffffff]
[    0.000000]   Normal   empty
[    0.000000] Movable zone start for each node
[    0.000000] Early memory node ranges
[    0.000000]   node   0: [mem 0x0000000000001000-0x000000000009efff]
[    0.000000]   node   0: [mem 0x0000000000100000-0x0000000007ffffff]
[    0.000000] Initmem setup node 0 [mem 0x0000000000001000-0x0000000007ffffff]
[    0.000000] Intel MultiProcessor Specification v1.4
[    0.000000] MPTABLE: OEM ID: FC      
[    0.000000] MPTABLE: Product ID: 000000000000
[    0.000000] MPTABLE: APIC at: 0xFEE00000
[    0.000000] Processor #0 (Bootup-CPU)
[    0.000000] IOAPIC[0]: apic_id 2, version 17, address 0xfec00000, GSI 0-23
[    0.000000] Processors: 1
[    0.000000] smpboot: Allowing 1 CPUs, 0 hotplug CPUs
[    0.000000] PM: Registered nosave memory: [mem 0x00000000-0x00000fff]
[    0.000000] PM: Registered nosave memory: [mem 0x0009f000-0x0009ffff]
[    0.000000] PM: Registered nosave memory: [mem 0x000a0000-0x000dffff]
[    0.000000] PM: Registered nosave memory: [mem 0x000e0000-0x000fffff]
[    0.000000] e820: [mem 0x08000000-0xeebfffff] available for PCI devices
[    0.000000] Booting paravirtualized kernel on KVM
[    0.000000] clocksource: refined-jiffies: mask: 0xffffffff max_cycles: 0xffffffff, max_idle_ns: 7645519600211568 ns
[    0.000000] random: get_random_bytes called from start_kernel+0x94/0x486 with crng_init=0
[    0.000000] setup_percpu: NR_CPUS:128 nr_cpumask_bits:128 nr_cpu_ids:1 nr_node_ids:1
[    0.000000] percpu: Embedded 41 pages/cpu s128600 r8192 d31144 u2097152
[    0.000000] KVM setup async PF for cpu 0
[    0.000000] kvm-stealtime: cpu 0, msr 7c15040
[    0.000000] PV qspinlock hash table entries: 256 (order: 0, 4096 bytes)
[    0.000000] Built 1 zonelists, mobility grouping on.  Total pages: 32137
[    0.000000] Policy zone: DMA32
[    0.000000] Kernel command line: console=ttyS0 reboot=k panic=1 pci=off pci=off root=/dev/vda rw virtio_mmio.device=4K@0xc0001000:5
[    0.000000] PID hash table entries: 512 (order: 0, 4096 bytes)
[    0.000000] Memory: 111016K/130680K available (8204K kernel code, 645K rwdata, 1480K rodata, 1324K init, 2792K bss, 19664K reserved, 0K cma-reserved)
[    0.000000] SLUB: HWalign=64, Order=0-3, MinObjects=0, CPUs=1, Nodes=1
[    0.000000] Kernel/User page tables isolation: enabled
[    0.004000] Hierarchical RCU implementation.
[    0.004000] 	RCU restricting CPUs from NR_CPUS=128 to nr_cpu_ids=1.
[    0.004000] RCU: Adjusting geometry for rcu_fanout_leaf=16, nr_cpu_ids=1
[    0.004000] NR_IRQS: 4352, nr_irqs: 48, preallocated irqs: 16
[    0.004000] Console: colour dummy device 80x25
[    0.004000] console [ttyS0] enabled
[    0.004000] tsc: Detected 3292.362 MHz processor
[    0.004000] Calibrating delay loop (skipped) preset value.. 6584.72 BogoMIPS (lpj=13169448)
[    0.004015] pid_max: default: 32768 minimum: 301
[    0.005613] Security Framework initialized
[    0.007010] SELinux:  Initializing.
[    0.008133] Dentry cache hash table entries: 16384 (order: 5, 131072 bytes)
[    0.010486] Inode-cache hash table entries: 8192 (order: 4, 65536 bytes)
[    0.012018] Mount-cache hash table entries: 512 (order: 0, 4096 bytes)
[    0.014157] Mountpoint-cache hash table entries: 512 (order: 0, 4096 bytes)
[    0.016364] Last level iTLB entries: 4KB 64, 2MB 8, 4MB 8
[    0.020006] Last level dTLB entries: 4KB 64, 2MB 0, 4MB 0, 1GB 4
[    0.022018] Spectre V1 : Mitigation: usercopy/swapgs barriers and __user pointer sanitization
[    0.024007] Spectre V2 : Mitigation: Full generic retpoline
[    0.025941] Spectre V2 : Spectre v2 / SpectreRSB mitigation: Filling RSB on context switch
[    0.028008] Spectre V2 : Enabling Restricted Speculation for firmware calls
[    0.032017] Spectre V2 : mitigation: Enabling conditional Indirect Branch Prediction Barrier
[    0.035106] Speculative Store Bypass: Mitigation: Speculative Store Bypass disabled via prctl and seccomp
[    0.036076] TAA: Mitigation: Clear CPU buffers
[    0.040007] MDS: Mitigation: Clear CPU buffers
[    0.053125] Freeing SMP alternatives memory: 28K
[    0.055683] smpboot: Max logical packages: 1
[    0.056238] x2apic enabled
[    0.057430] Switched APIC routing to physical x2apic.
[    0.061093] ..TIMER: vector=0x30 apic1=0 pin1=0 apic2=-1 pin2=-1
[    0.063298] smpboot: CPU0: Intel(R) Xeon(R) Processor @ 3.30GHz (family: 0x6, model: 0x47, stepping: 0x1)
[    0.064000] Performance Events: unsupported p6 CPU model 71 no PMU driver, software events only.
[    0.064078] Hierarchical SRCU implementation.
[    0.065964] smp: Bringing up secondary CPUs ...
[    0.067541] smp: Brought up 1 node, 1 CPU
[    0.068008] smpboot: Total of 1 processors activated (6584.72 BogoMIPS)
[    0.070752] devtmpfs: initialized
[    0.071996] x86/mm: Memory block size: 128MB
[    0.072261] clocksource: jiffies: mask: 0xffffffff max_cycles: 0xffffffff, max_idle_ns: 7645041785100000 ns
[    0.075847] futex hash table entries: 256 (order: 2, 16384 bytes)
[    0.076244] NET: Registered protocol family 16
[    0.077887] cpuidle: using governor ladder
[    0.079324] cpuidle: using governor menu
[    0.084174] HugeTLB registered 1.00 GiB page size, pre-allocated 0 pages
[    0.086565] HugeTLB registered 2.00 MiB page size, pre-allocated 0 pages
[    0.088169] SCSI subsystem initialized
[    0.089454] pps_core: LinuxPPS API ver. 1 registered
[    0.091108] pps_core: Software ver. 5.3.6 - Copyright 2005-2007 Rodolfo Giometti <giometti@linux.it>
[    0.092023] PTP clock support registered
[    0.093369] dmi: Firmware registration failed.
[    0.094958] NetLabel: Initializing
[    0.096007] NetLabel:  domain hash size = 128
[    0.097611] NetLabel:  protocols = UNLABELED CIPSOv4 CALIPSO
[    0.099659] NetLabel:  unlabeled traffic allowed by default
[    0.100548] clocksource: Switched to clocksource kvm-clock
[    0.102703] VFS: Disk quotas dquot_6.6.0
[    0.104007] VFS: Dquot-cache hash table entries: 512 (order 0, 4096 bytes)
[    0.107834] NET: Registered protocol family 2
[    0.109498] TCP established hash table entries: 1024 (order: 1, 8192 bytes)
[    0.112037] TCP bind hash table entries: 1024 (order: 2, 16384 bytes)
[    0.114506] TCP: Hash tables configured (established 1024 bind 1024)
[    0.117067] UDP hash table entries: 256 (order: 1, 8192 bytes)
[    0.119146] UDP-Lite hash table entries: 256 (order: 1, 8192 bytes)
[    0.121313] NET: Registered protocol family 1
[    0.123423] virtio-mmio: Registering device virtio-mmio.0 at 0xc0001000-0xc0001fff, IRQ 5.
[    0.126273] clocksource: tsc: mask: 0xffffffffffffffff max_cycles: 0x2f751d72e15, max_idle_ns: 440795357985 ns
[    0.129662] platform rtc_cmos: registered platform RTC device (no PNP device found)
[    0.132370] Scanning for low memory corruption every 60 seconds
[    0.134479] audit: initializing netlink subsys (disabled)
[    0.136572] Initialise system trusted keyrings
[    0.138071] Key type blacklist registered
[    0.139476] audit: type=2000 audit(1781850561.958:1): state=initialized audit_enabled=0 res=1
[    0.142482] workingset: timestamp_bits=36 max_order=15 bucket_order=0
[    0.147324] squashfs: version 4.0 (2009/01/31) Phillip Lougher
[    0.150740] Key type asymmetric registered
[    0.152300] Asymmetric key parser 'x509' registered
[    0.154032] Block layer SCSI generic (bsg) driver version 0.4 loaded (major 252)
[    0.156680] io scheduler noop registered (default)
[    0.158029] io scheduler cfq registered
[    0.159208] virtio-mmio virtio-mmio.0: Failed to enable 64-bit or 32-bit DMA.  Trying to continue, but this might not work.
[    0.162639] Serial: 8250/16550 driver, 1 ports, IRQ sharing disabled
[    0.187987] serial8250: ttyS0 at I/O 0x3f8 (irq = 4, base_baud = 115200) is a U6_16550A
[    0.192058] loop: module loaded
[    0.194074] Loading iSCSI transport class v2.0-870.
[    0.196166] iscsi: registered transport (tcp)
[    0.197777] tun: Universal TUN/TAP device driver, 1.6
2026-06-19T16:29:22.184237797 [anonymous-instance:fc_vcpu 0] Failed to trigger i8042 kbd interrupt (disabled by guest OS)
[    0.208094] i8042: Failed to disable AUX port, but continuing anyway... Is this a SiS?
[    0.210929] i8042: If AUX port is really absent please use the 'i8042.noaux' option
2026-06-19T16:29:22.198076287 [anonymous-instance:fc_vcpu 0] Failed to trigger i8042 kbd interrupt (disabled by guest OS)
[    0.480364] serio: i8042 KBD port at 0x60,0x64 irq 1
[    0.482212] hidraw: raw HID events driver (C) Jiri Kosina
[    0.483984] nf_conntrack version 0.5.0 (1024 buckets, 4096 max)
[    0.486087] ip_tables: (C) 2000-2006 Netfilter Core Team
[    0.488012] Initializing XFRM netlink socket
[    0.489523] NET: Registered protocol family 10
[    0.491448] Segment Routing with IPv6
[    0.492816] NET: Registered protocol family 17
[    0.494387] Bridge firewalling registered
[    0.495835] NET: Registered protocol family 40
[    0.497382] sched_clock: Marking stable (497345004, 0)->(668550892, -171205888)
[    0.499975] registered taskstats version 1
[    0.501404] Loading compiled-in X.509 certificates
[    0.503682] Loaded X.509 cert 'Build time autogenerated kernel key: e98e9d271da5d0a322cc4d7bfaa8c2c4c3e46010'
[    0.507257] Key type encrypted registered
[    0.992732] input: AT Raw Set 2 keyboard as /devices/platform/i8042/serio0/input/input0
[    1.000672] EXT4-fs (vda): bad geometry: block count 307200 exceeds size of device (53976 blocks)
[    1.006992] EXT4-fs (vda): bad geometry: block count 307200 exceeds size of device (53976 blocks)
[    1.012829] List of all partitions:
[    1.015049] fe00           53976 vda 
[    1.015051]  driver: virtio_blk
[    1.019374] No filesystem could mount root, tried: 
[    1.019375]  ext3
[    1.021462]  ext2
[    1.022188]  ext4
[    1.022903]  squashfs
[    1.023787] 
[    1.025652] Kernel panic - not syncing: VFS: Unable to mount root fs on unknown-block(254,0)
[    1.029480] CPU: 0 PID: 1 Comm: swapper/0 Not tainted 4.14.174 #2
[    1.032312] Call Trace:
[    1.033469]  dump_stack+0x6d/0x99
[    1.035245]  panic+0xdf/0x239
[    1.036624]  mount_block_root+0x27c/0x2af
[    1.038789]  ? set_debug_rodata+0x12/0x12
[    1.040672]  mount_root+0x65/0x68
[    1.042242]  prepare_namespace+0x12f/0x167
[    1.044314]  kernel_init_freeable+0x21a/0x247
[    1.046689]  ? rest_init+0xb0/0xb0
[    1.048302]  kernel_init+0x9/0x100
[    1.049817]  ret_from_fork+0x35/0x40
[    1.051747] Kernel Offset: disabled
[    1.053035] Rebooting in 1 seconds..
2026-06-19T16:29:24.046614758 [anonymous-instance:main] Vmm is stopping.
2026-06-19T16:29:24.046798306 [anonymous-instance:main] Vmm is stopping.
2026-06-19T16:29:24.065822364 [anonymous-instance:main] Firecracker exiting successfully. exit_code=0
	Command being timed: "timeout 10s firecracker --no-api --config-file runtimes/firecracker/firecracker_config.json"
	User time (seconds): 1.23
	System time (seconds): 0.28
	Percent of CPU this job got: 65%
	Elapsed (wall clock) time (h:mm:ss or m:ss): 0:02.30
	Average shared text size (kbytes): 0
	Average unshared data size (kbytes): 0
	Average stack size (kbytes): 0
	Average total size (kbytes): 0
	Maximum resident set size (kbytes): 35224
	Average resident set size (kbytes): 0
	Major (requiring I/O) page faults: 0
	Minor (reclaiming a frame) page faults: 8975
	Voluntary context switches: 84
	Involuntary context switches: 128
	Swaps: 0
	File system inputs: 0
	File system outputs: 32
	Socket messages sent: 0
	Socket messages received: 0
	Signals delivered: 0
	Page size (bytes): 4096
	Exit status: 0
