2026-06-18T22:58:53.039987928 [anonymous-instance:main] Running Firecracker v1.13.1
2026-06-18T22:58:53.049833305 [anonymous-instance:main] Artificially kick devices
2026-06-18T22:58:53.049890252 [anonymous-instance:fc_vcpu 0] Received a VcpuEvent::Resume message with immediate_exit enabled. immediate_exit was disabled before proceeding
2026-06-18T22:58:53.049972228 [anonymous-instance:main] Successfully started microvm that was configured from one single json
[    0.000000] Linux version 4.14.174 (@57edebb99db7) (gcc version 7.5.0 (Ubuntu 7.5.0-3ubuntu1~18.04)) #2 SMP Wed Jul 14 11:47:24 UTC 2021
[    0.000000] Command line: console=ttyS0 reboot=k panic=1 pci=off pci=off root=/dev/vda rw virtio_mmio.device=4K@0xc0001000:5
[    0.000000] x86/fpu: Supporting XSAVE feature 0x001: 'x87 floating point registers'
[    0.000000] x86/fpu: Supporting XSAVE feature 0x002: 'SSE registers'
[    0.000000] x86/fpu: Supporting XSAVE feature 0x004: 'AVX registers'
[    0.000000] x86/fpu: xstate_offset[2]:  576, xstate_sizes[2]:  256
[    0.000000] x86/fpu: Enabled xstate features 0x7, context size is 832 bytes, using 'standard' format.
[    0.000000] e820: BIOS-provided physical RAM map:
[    0.000000] BIOS-e820: [mem 0x0000000000000000-0x000000000009fbff] usable
[    0.000000] BIOS-e820: [mem 0x000000000009fc00-0x00000000000dffff] reserved
[    0.000000] BIOS-e820: [mem 0x0000000000100000-0x0000000007ffffff] usable
[    0.000000] BIOS-e820: [mem 0x00000000eec00000-0x00000000febfffff] reserved
[    0.000000] NX (Execute Disable) protection: active
[    0.000000] DMI not present or invalid.
[    0.000000] Hypervisor detected: KVM
[    0.000000] tsc: Fast TSC calibration using PIT
[    0.000000] e820: last_pfn = 0x8000 max_arch_pfn = 0x400000000
[    0.000000] MTRR: Disabled
[    0.000000] x86/PAT: MTRRs disabled, skipping PAT initialization too.
[    0.000000] CPU MTRRs all blank - virtualized system.
[    0.000000] x86/PAT: Configuration [0-7]: WB  WT  UC- UC  WB  WT  UC- UC  
[    0.000000] found SMP MP-table at [mem 0x0009fc00-0x0009fc0f]
[    0.000000] Scanning 1 areas for low memory corruption
[    0.000000] Using GB pages for direct mapping
[    0.000000] No NUMA configuration found
[    0.000000] Faking a node at [mem 0x0000000000000000-0x0000000007ffffff]
[    0.000000] NODE_DATA(0) allocated [mem 0x07fde000-0x07ffffff]
[    0.000000] kvm-clock: Using msrs 4b564d01 and 4b564d00
[    0.000000] kvm-clock: cpu 0, msr 0:7fdc001, primary cpu clock
[    0.000000] kvm-clock: using sched offset of 27880558 cycles
[    0.000000] clocksource: kvm-clock: mask: 0xffffffffffffffff max_cycles: 0x1cd42e4dffb, max_idle_ns: 881590591483 ns
[    0.000000] Zone ranges:
[    0.000000]   DMA      [mem 0x0000000000001000-0x0000000000ffffff]
[    0.000000]   DMA32    [mem 0x0000000001000000-0x0000000007ffffff]
[    0.000000]   Normal   empty
[    0.000000] Movable zone start for each node
[    0.000000] Early memory node ranges
[    0.000000]   node   0: [mem 0x0000000000001000-0x000000000009efff]
[    0.000000]   node   0: [mem 0x0000000000100000-0x0000000007ffffff]
[    0.000000] Initmem setup node 0 [mem 0x0000000000001000-0x0000000007ffffff]
[    0.000000] Intel MultiProcessor Specification v1.4
[    0.000000] MPTABLE: OEM ID: FC      
[    0.000000] MPTABLE: Product ID: 000000000000
[    0.000000] MPTABLE: APIC at: 0xFEE00000
[    0.000000] Processor #0 (Bootup-CPU)
[    0.000000] IOAPIC[0]: apic_id 2, version 17, address 0xfec00000, GSI 0-23
[    0.000000] Processors: 1
[    0.000000] smpboot: Allowing 1 CPUs, 0 hotplug CPUs
[    0.000000] PM: Registered nosave memory: [mem 0x00000000-0x00000fff]
[    0.000000] PM: Registered nosave memory: [mem 0x0009f000-0x0009ffff]
[    0.000000] PM: Registered nosave memory: [mem 0x000a0000-0x000dffff]
[    0.000000] PM: Registered nosave memory: [mem 0x000e0000-0x000fffff]
[    0.000000] e820: [mem 0x08000000-0xeebfffff] available for PCI devices
[    0.000000] Booting paravirtualized kernel on KVM
[    0.000000] clocksource: refined-jiffies: mask: 0xffffffff max_cycles: 0xffffffff, max_idle_ns: 7645519600211568 ns
[    0.000000] random: get_random_bytes called from start_kernel+0x94/0x486 with crng_init=0
[    0.000000] setup_percpu: NR_CPUS:128 nr_cpumask_bits:128 nr_cpu_ids:1 nr_node_ids:1
[    0.000000] percpu: Embedded 41 pages/cpu s128600 r8192 d31144 u2097152
[    0.000000] KVM setup async PF for cpu 0
[    0.000000] kvm-stealtime: cpu 0, msr 7c15040
[    0.000000] PV qspinlock hash table entries: 256 (order: 0, 4096 bytes)
[    0.000000] Built 1 zonelists, mobility grouping on.  Total pages: 32137
[    0.000000] Policy zone: DMA32
[    0.000000] Kernel command line: console=ttyS0 reboot=k panic=1 pci=off pci=off root=/dev/vda rw virtio_mmio.device=4K@0xc0001000:5
[    0.000000] PID hash table entries: 512 (order: 0, 4096 bytes)
[    0.000000] Memory: 111016K/130680K available (8204K kernel code, 645K rwdata, 1480K rodata, 1324K init, 2792K bss, 19664K reserved, 0K cma-reserved)
[    0.000000] SLUB: HWalign=64, Order=0-3, MinObjects=0, CPUs=1, Nodes=1
[    0.000000] Kernel/User page tables isolation: enabled
[    0.004000] Hierarchical RCU implementation.
[    0.004000] 	RCU restricting CPUs from NR_CPUS=128 to nr_cpu_ids=1.
[    0.004000] RCU: Adjusting geometry for rcu_fanout_leaf=16, nr_cpu_ids=1
[    0.004000] NR_IRQS: 4352, nr_irqs: 48, preallocated irqs: 16
[    0.004000] Console: colour dummy device 80x25
[    0.004000] console [ttyS0] enabled
[    0.004000] tsc: Detected 3292.324 MHz processor
[    0.004000] Calibrating delay loop (skipped) preset value.. 6584.64 BogoMIPS (lpj=13169296)
[    0.004000] pid_max: default: 32768 minimum: 301
[    0.004000] Security Framework initialized
[    0.004021] SELinux:  Initializing.
[    0.004950] Dentry cache hash table entries: 16384 (order: 5, 131072 bytes)
[    0.006724] Inode-cache hash table entries: 8192 (order: 4, 65536 bytes)
[    0.008037] Mount-cache hash table entries: 512 (order: 0, 4096 bytes)
[    0.009411] Mountpoint-cache hash table entries: 512 (order: 0, 4096 bytes)
[    0.012578] Last level iTLB entries: 4KB 64, 2MB 8, 4MB 8
[    0.013840] Last level dTLB entries: 4KB 64, 2MB 0, 4MB 0, 1GB 4
[    0.015447] Spectre V1 : Mitigation: usercopy/swapgs barriers and __user pointer sanitization
[    0.016007] Spectre V2 : Mitigation: Full generic retpoline
[    0.017394] Spectre V2 : Spectre v2 / SpectreRSB mitigation: Filling RSB on context switch
[    0.020006] Spectre V2 : Enabling Restricted Speculation for firmware calls
[    0.021747] Spectre V2 : mitigation: Enabling conditional Indirect Branch Prediction Barrier
[    0.024008] Speculative Store Bypass: Mitigation: Speculative Store Bypass disabled via prctl and seccomp
[    0.026361] TAA: Mitigation: Clear CPU buffers
[    0.028007] MDS: Mitigation: Clear CPU buffers
[    0.040201] Freeing SMP alternatives memory: 28K
[    0.042642] smpboot: Max logical packages: 1
[    0.044059] x2apic enabled
[    0.045044] Switched APIC routing to physical x2apic.
[    0.047659] ..TIMER: vector=0x30 apic1=0 pin1=0 apic2=-1 pin2=-1
[    0.048000] smpboot: CPU0: Intel(R) Xeon(R) Processor @ 3.30GHz (family: 0x6, model: 0x47, stepping: 0x1)
[    0.048000] Performance Events: unsupported p6 CPU model 71 no PMU driver, software events only.
[    0.048109] Hierarchical SRCU implementation.
[    0.049834] smp: Bringing up secondary CPUs ...
[    0.050985] smp: Brought up 1 node, 1 CPU
[    0.051991] smpboot: Total of 1 processors activated (6584.64 BogoMIPS)
[    0.052514] devtmpfs: initialized
[    0.053318] x86/mm: Memory block size: 128MB
[    0.054614] clocksource: jiffies: mask: 0xffffffff max_cycles: 0xffffffff, max_idle_ns: 7645041785100000 ns
[    0.056022] futex hash table entries: 256 (order: 2, 16384 bytes)
[    0.058247] NET: Registered protocol family 16
[    0.059734] cpuidle: using governor ladder
[    0.060010] cpuidle: using governor menu
[    0.067304] HugeTLB registered 1.00 GiB page size, pre-allocated 0 pages
[    0.068011] HugeTLB registered 2.00 MiB page size, pre-allocated 0 pages
[    0.070142] SCSI subsystem initialized
[    0.071022] pps_core: LinuxPPS API ver. 1 registered
[    0.072031] pps_core: Software ver. 5.3.6 - Copyright 2005-2007 Rodolfo Giometti <giometti@linux.it>
[    0.074203] PTP clock support registered
[    0.075211] dmi: Firmware registration failed.
[    0.076159] NetLabel: Initializing
[    0.076982] NetLabel:  domain hash size = 128
[    0.078021] NetLabel:  protocols = UNLABELED CIPSOv4 CALIPSO
[    0.079509] NetLabel:  unlabeled traffic allowed by default
[    0.080461] clocksource: Switched to clocksource kvm-clock
[    0.081816] VFS: Disk quotas dquot_6.6.0
[    0.082791] VFS: Dquot-cache hash table entries: 512 (order 0, 4096 bytes)
[    0.086748] NET: Registered protocol family 2
[    0.088093] TCP established hash table entries: 1024 (order: 1, 8192 bytes)
[    0.090160] TCP bind hash table entries: 1024 (order: 2, 16384 bytes)
[    0.091799] TCP: Hash tables configured (established 1024 bind 1024)
[    0.093253] UDP hash table entries: 256 (order: 1, 8192 bytes)
[    0.094606] UDP-Lite hash table entries: 256 (order: 1, 8192 bytes)
[    0.096179] NET: Registered protocol family 1
[    0.098018] virtio-mmio: Registering device virtio-mmio.0 at 0xc0001000-0xc0001fff, IRQ 5.
[    0.099991] clocksource: tsc: mask: 0xffffffffffffffff max_cycles: 0x2f74f9289cc, max_idle_ns: 440795268672 ns
[    0.102507] platform rtc_cmos: registered platform RTC device (no PNP device found)
[    0.104720] Scanning for low memory corruption every 60 seconds
[    0.106175] audit: initializing netlink subsys (disabled)
[    0.107865] Initialise system trusted keyrings
[    0.109221] Key type blacklist registered
[    0.110576] audit: type=2000 audit(1781787533.183:1): state=initialized audit_enabled=0 res=1
[    0.112603] workingset: timestamp_bits=36 max_order=15 bucket_order=0
[    0.115873] squashfs: version 4.0 (2009/01/31) Phillip Lougher
[    0.117931] Key type asymmetric registered
[    0.119356] Asymmetric key parser 'x509' registered
[    0.120713] Block layer SCSI generic (bsg) driver version 0.4 loaded (major 252)
[    0.122593] io scheduler noop registered (default)
[    0.123513] io scheduler cfq registered
[    0.124869] virtio-mmio virtio-mmio.0: Failed to enable 64-bit or 32-bit DMA.  Trying to continue, but this might not work.
[    0.127133] Serial: 8250/16550 driver, 1 ports, IRQ sharing disabled
[    0.151951] serial8250: ttyS0 at I/O 0x3f8 (irq = 4, base_baud = 115200) is a U6_16550A
[    0.156047] loop: module loaded
[    0.157945] Loading iSCSI transport class v2.0-870.
[    0.159452] iscsi: registered transport (tcp)
[    0.160567] tun: Universal TUN/TAP device driver, 1.6
2026-06-18T22:58:53.361103758 [anonymous-instance:fc_vcpu 0] Failed to trigger i8042 kbd interrupt (disabled by guest OS)
[    0.170649] i8042: Failed to disable AUX port, but continuing anyway... Is this a SiS?
[    0.172517] i8042: If AUX port is really absent please use the 'i8042.noaux' option
2026-06-18T22:58:53.373410815 [anonymous-instance:fc_vcpu 0] Failed to trigger i8042 kbd interrupt (disabled by guest OS)
[    0.448346] serio: i8042 KBD port at 0x60,0x64 irq 1
[    0.449701] hidraw: raw HID events driver (C) Jiri Kosina
[    0.450963] nf_conntrack version 0.5.0 (1024 buckets, 4096 max)
[    0.452491] ip_tables: (C) 2000-2006 Netfilter Core Team
[    0.453755] Initializing XFRM netlink socket
[    0.454895] NET: Registered protocol family 10
[    0.456925] Segment Routing with IPv6
[    0.458014] NET: Registered protocol family 17
[    0.459262] Bridge firewalling registered
[    0.460432] NET: Registered protocol family 40
[    0.461463] sched_clock: Marking stable (460291917, 0)->(590397934, -130106017)
[    0.463327] registered taskstats version 1
[    0.464317] Loading compiled-in X.509 certificates
[    0.466539] Loaded X.509 cert 'Build time autogenerated kernel key: e98e9d271da5d0a322cc4d7bfaa8c2c4c3e46010'
[    0.469169] Key type encrypted registered
[    0.960666] input: AT Raw Set 2 keyboard as /devices/platform/i8042/serio0/input/input0
[    0.963621] EXT4-fs (vda): bad geometry: block count 307200 exceeds size of device (53976 blocks)
[    0.966875] EXT4-fs (vda): bad geometry: block count 307200 exceeds size of device (53976 blocks)
[    0.969201] List of all partitions:
[    0.969988] fe00           53976 vda 
[    0.969989]  driver: virtio_blk
[    0.971853] No filesystem could mount root, tried: 
[    0.971856]  ext3
[    0.973095]  ext2
[    0.973572]  ext4
[    0.974076]  squashfs
[    0.974568] 
[    0.975545] Kernel panic - not syncing: VFS: Unable to mount root fs on unknown-block(254,0)
[    0.977816] CPU: 0 PID: 1 Comm: swapper/0 Not tainted 4.14.174 #2
[    0.979277] Call Trace:
[    0.979905]  dump_stack+0x6d/0x99
[    0.980773]  panic+0xdf/0x239
[    0.981555]  mount_block_root+0x27c/0x2af
[    0.982573]  ? set_debug_rodata+0x12/0x12
[    0.983594]  mount_root+0x65/0x68
[    0.984431]  prepare_namespace+0x12f/0x167
[    0.985464]  kernel_init_freeable+0x21a/0x247
[    0.986655]  ? rest_init+0xb0/0xb0
[    0.987608]  kernel_init+0x9/0x100
[    0.988468]  ret_from_fork+0x35/0x40
[    0.989384] Kernel Offset: disabled
[    0.990230] Rebooting in 1 seconds..
2026-06-18T22:58:55.197946964 [anonymous-instance:main] Vmm is stopping.
2026-06-18T22:58:55.197985472 [anonymous-instance:fc_vcpu 0] Requested a vCPU run with immediate_exit enabled. The operation was skipped
2026-06-18T22:58:55.198106190 [anonymous-instance:main] Vmm is stopping.
2026-06-18T22:58:55.215542388 [anonymous-instance:main] Firecracker exiting successfully. exit_code=0
	Command being timed: "firecracker --no-api --config-file runtimes/firecracker/firecracker_config.json"
	User time (seconds): 1.23
	System time (seconds): 0.15
	Percent of CPU this job got: 64%
	Elapsed (wall clock) time (h:mm:ss or m:ss): 0:02.17
	Average shared text size (kbytes): 0
	Average unshared data size (kbytes): 0
	Average stack size (kbytes): 0
	Average total size (kbytes): 0
	Maximum resident set size (kbytes): 35096
	Average resident set size (kbytes): 0
	Major (requiring I/O) page faults: 0
	Minor (reclaiming a frame) page faults: 8494
	Voluntary context switches: 60
	Involuntary context switches: 142
	Swaps: 0
	File system inputs: 0
	File system outputs: 0
	Socket messages sent: 0
	Socket messages received: 0
	Signals delivered: 0
	Page size (bytes): 4096
	Exit status: 0
